vdecl: int a;


inside main: 
Assign: a = 1;

VDeAssign: intb2;

return: a + b;
