scanner find id: 
main
scanner find id: 
matrix
scanner find id: 
a
scanner find id: 
int
scanner find id: 
b
scanner find id: 
b
scanner find id: 
a


inside main: 
VDeclare: matrix a;

VDeclare: int b;

Assign: b = <int>1;

Assign: a = <float>1.1, <float>2.2
<float>3.3, <float>4.4;
