6.600000 8.800000
11.000000 13.200000
-4.400000 -4.400000
-4.400000 -4.400000
3.300000 6.600000
9.900000 13.200000
3.300000 6.600000
9.900000 13.200000
1.210000 2.420000
3.630000 4.840000
6.050000 7.260000
8.470000 9.680000
22.990000 26.620000
52.030000 60.500000
27.830000 41.140000
37.510000 55.660000
